First name:         Veronica
Last name:          Costello
Registration date:  2023-09-08 16:26:28
Count of orders:    2
-----------------------------------------
First name:         asds
Last name:          asdasd
Registration date:  2023-09-08 09:45:12
Count of orders:    0
-----------------------------------------
